// Jest Snapshot v1, https://goo.gl/fbAQLP

exports[`The Header Component should render as expected 1`] = `
<nav
  className="navbar navbar-expand-lg navbar-light bg-light"
>
  <div
    className="navbar-header"
  >
    <Link
      className="navbar-brand"
      replace={false}
      to="/"
    >
      Pluralsight Administration
    </Link>
  </div>
  <div
    className="navbar navbar-expand-lg navbar-light bg-ligh"
  >
    <Link
      className="nav-item nav-link active"
      replace={false}
      to="/"
    >
      Home
    </Link>
    <Link
      className="nav-item nav-link"
      replace={false}
      to="/courses"
    >
      Courses
    </Link>
    <Link
      className="nav-item nav-link"
      replace={false}
      to="/authors"
    >
      Authors
    </Link>
    <Link
      className="nav-item nav-link"
      replace={false}
      to="/about"
    >
      About
    </Link>
  </div>
</nav>
`;
