// Jest Snapshot v1, https://goo.gl/fbAQLP

exports[`The Text Input Common Component should render as expected 1`] = `
<div
  className="form-group has-error"
>
  <label
    htmlFor="Text Input"
  >
    Test Text Input
  </label>
  <div
    className="field"
  >
    <input
      className="form-control"
      name="Text Input"
      onChange={[Function]}
      type="text"
      value="Default Value"
    />
    <div
      className="alert alert-danger"
    >
      Error
    </div>
  </div>
</div>
`;
