// Jest Snapshot v1, https://goo.gl/fbAQLP

exports[`The About Page should render as expected 1`] = `
<div
  className="container"
>
  <Header />
  <div
    className="card align v-offset-10"
  >
    <div
      className="card-body"
    >
      <h1>
        About
      </h1>
      <p>
        This application uses React, Redux, React Router and a variety of other helpful libraries.
      </p>
    </div>
  </div>
</div>
`;
