// Jest Snapshot v1, https://goo.gl/fbAQLP

exports[`Course Page should render as expected 1`] = `
<CoursePage
  actions={
    Object {
      "addCourse": [Function],
      "deleteCourse": [Function],
      "listCourses": [Function],
      "updateCourse": [Function],
    }
  }
  courses={
    Array [
      Object {
        "authorId": "cory-house",
        "category": "JavaScript",
        "id": "react-flux-building-applications",
        "length": "5:08",
        "title": "Building Applications in React and Flux",
        "watchHref": "http://www.pluralsight.com/courses/react-flux-building-applications",
      },
      Object {
        "authorId": "cory-house",
        "category": "Software Practices",
        "id": "clean-code",
        "length": "3:10",
        "title": "Clean Code: Writing Code for Humans",
        "watchHref": "http://www.pluralsight.com/courses/writing-clean-code-humans",
      },
    ]
  }
  store={
    Object {
      "clearActions": [Function],
      "dispatch": [Function],
      "getActions": [Function],
      "getState": [Function],
      "replaceReducer": [Function],
      "subscribe": [Function],
    }
  }
  storeSubscription={
    Subscription {
      "listeners": Object {
        "clear": [Function],
        "get": [Function],
        "notify": [Function],
        "subscribe": [Function],
      },
      "onStateChange": [Function],
      "parentSub": undefined,
      "store": Object {
        "clearActions": [Function],
        "dispatch": [Function],
        "getActions": [Function],
        "getState": [Function],
        "replaceReducer": [Function],
        "subscribe": [Function],
      },
      "unsubscribe": [Function],
    }
  }
/>
`;
